Initializing the backend...

Upgrading modules...
- monitoring in modules\monitoring
- supporting in modules\supporting

Initializing provider plugins...
- terraform.io/builtin/terraform is built in to Terraform
- Finding hashicorp/azurerm versions matching "~> 5.2"...
- Finding hashicorp/random versions matching "~> 3.6"...
- Using previously-installed hashicorp/azurerm v5.4.0
- Installing hashicorp/random v3.9.0...
- Installed hashicorp/random v3.9.0 (signed by HashiCorp)

Terraform has made some changes to the provider dependency selections recorded
in the .terraform.lock.hcl file. Review those changes and commit them to your
version control system if they represent changes you intended to make.

Terraform has been successfully initialized!

You may now begin working with Terraform. Try running "terraform plan" to see
any changes that are required for your infrastructure. All Terraform commands
should now work.

If you ever set or change modules or backend configuration for Terraform,
rerun this command to reinitialize your working directory. If you forget, other
commands will detect it and remind you to do so if necessary.
